232 produits sans compat trouvable (titre source insuffisant pour identifier les véhicules):
10890246127959 VALEO-301891 VALEO: VALEO FIRST Plaquettes de frein avant — Réf. 301891
10890248061271 BOSCH-0986494332 BOSCH: BOSCH Plaquettes de frein — Réf. 0 986 494 332
10890248421719 BOSCH-0986494372 BOSCH: BOSCH Plaquettes de frein — Réf. 0 986 494 372
10890248683863 BOSCH-0986494582 BOSCH: BOSCH Plaquettes de frein — Réf. 0 986 494 582
10890249109847 RIDEX-402B0050P RIDEX PLUS: RIDEX PLUS Plaquettes de frein — Réf. 402B0050P
10890330898775 FERODO-FDB4003 FERODO: FERODO Plaquettes de frein — Réf. FDB4003
10890330964311 BOSCH-0986495254 BOSCH: BOSCH Plaquettes de frein Low-Metallic — Réf. 0 986 495 254
10890331062615 RIDEXPLUS-402B0062P RIDEX PLUS: RIDEX PLUS Plaquettes de frein — Réf. 402B0062P — essieu avant
10890331226455 BOSCH-0986494715 BOSCH: BOSCH Plaquettes de frein Low-Metallic — Réf. 0 986 494 715
10890331324759 FEBIBILSTEIN-16908 FEBI BILSTEIN: FEBI BILSTEIN Plaquettes de frein — Réf. 16908 — essieu avant
10890331455831 BOSCH-0986494561 BOSCH: BOSCH Plaquettes de frein Low-Metallic — Réf. 0 986 494 561
10890331586903 BOSCH-0986494463 BOSCH: BOSCH Plaquettes de frein Low-Metallic — Réf. 0 986 494 463
10890331717975 BOSCH-0986494031 BOSCH: BOSCH Plaquettes de frein Low-Metallic — Réf. 0 986 494 031
10890331816279 BOSCH-0986494092 BOSCH: BOSCH Plaquettes de frein Low-Metallic — Réf. 0 986 494 092
10890331980119 BOSCH-0986424455 BOSCH: BOSCH Plaquettes de frein Low-Metallic — Réf. 0 986 424 455
10890334536023 BOSCH-0986494583 BOSCH: BOSCH Plaquettes de frein Low-Metallic — Réf. 0 986 494 583
10890334634327 BOSCH-0986494819 BOSCH: BOSCH Plaquettes de frein Low-Metallic — Réf. 0 986 494 819
10890334765399 FEBIBILSTEIN-16575 FEBI BILSTEIN: FEBI BILSTEIN Plaquettes de frein — Réf. 16575
10890334863703 BOSCH-0986494600 BOSCH: BOSCH Plaquettes de frein Low-Metallic — Réf. 0 986 494 600
10890334994775 goCORE-GCD020718 goCORE: goCORE Plaquettes de frein — Réf. GCD020718 — essieu arrière
10890335093079 RIDEX-402B1126 RIDEX: RIDEX Plaquettes de frein — Réf. 402B1126 — essieu arrière
10890335191383 BOSCH-0986494696 BOSCH: BOSCH Plaquettes de frein Low-Metallic — Réf. 0 986 494 696
10890335322455 BOSCH-0986494527 BOSCH: BOSCH Plaquettes de frein Low-Metallic — Réf. 0 986 494 527
10890335453527 FERODO-FVR5119 FERODO: FERODO Plaquettes de frein — Réf. FVR5119
10890335682903 BOSCH-0986424789 BOSCH: BOSCH Plaquettes de frein Low-Metallic — Réf. 0 986 424 789
10890335846743 RIDEXPLUS-402B0008P RIDEX PLUS: RIDEX PLUS Plaquettes de frein — Réf. 402B0008P — essieu arrière
10890335945047 BOSCH-0986494054 BOSCH: BOSCH Plaquettes de frein Low-Metallic — Réf. 0 986 494 054
10890336108887 BOSCH-0986494657 BOSCH: BOSCH Plaquettes de frein Low-Metallic — Réf. 0 986 494 657
10890336305495 BOSCH-0986424785 BOSCH: BOSCH Plaquettes de frein Low-Metallic — Réf. 0 986 424 785
10890336502103 FEBIBILSTEIN-16084 FEBI BILSTEIN: FEBI BILSTEIN Plaquettes de frein — Réf. 16084 — essieu avant
10890336731479 BREMBO-P06039 BREMBO: BREMBO Prime Plaquettes de frein — Réf. P 06 039
10890336928087 BREMBO-P06032 BREMBO: BREMBO Prime Plaquettes de frein — Réf. P 06 032
10890337124695 VALEO-302214 VALEO: VALEO Plaquettes de frein — Réf. 302214 — essieu arrière
10890337517911 BOSCH-0986424124 BOSCH: BOSCH Plaquettes de frein Low-Metallic — Réf. 0 986 424 124
10890337616215 FERODO-FVR1644 FERODO: FERODO Premier Plaquettes de frein — Réf. FVR1644
10890337714519 BOSCH-0986494936 BOSCH: BOSCH Plaquettes de frein Low-Metallic — Réf. 0 986 494 936
10890337845591 FERODO-FVR1771 FERODO: FERODO Premier Eco Friction Plaquettes de frein — Réf. FVR1771
10890338009431 FEBIBILSTEIN-16863 FEBI BILSTEIN: FEBI BILSTEIN Plaquettes de frein — Réf. 16863 — essieu arrière
10890338140503 FEBIBILSTEIN-16967 FEBI BILSTEIN: FEBI BILSTEIN Plaquettes de frein — Réf. 16967 — essieu avant
10890338337111 VALEO-301942 VALEO: VALEO FIRST Plaquettes de frein — Réf. 301942 — essieu avant
10890338533719 BOSCH-0986424597 BOSCH: BOSCH Plaquettes de frein Low-Metallic — Réf. 0 986 424 597
10890338664791 BOSCH-0986494821 BOSCH: BOSCH Plaquettes de frein Low-Metallic — Réf. 0 986 494 821
10890338959703 FEBIBILSTEIN-16473 FEBI BILSTEIN: FEBI BILSTEIN Plaquettes de frein — Réf. 16473 — essieu avant
10890339090775 FEBIBILSTEIN-16503 FEBI BILSTEIN: FEBI BILSTEIN Plaquettes de frein — Réf. 16503 — essieu avant
10890339221847 STARK-SKBP-0010369 STARK: STARK Plaquettes de frein — Réf. SKBP-0010369 — essieu arrière
10890339352919 BREMBO-P50068 BREMBO: BREMBO Prime Plaquettes de frein — Réf. P 50 068
10890339451223 BREMBO-P06030 BREMBO: BREMBO Prime Plaquettes de frein — Réf. P 06 030
10890339582295 BOSCH-0986494978 BOSCH: BOSCH Plaquettes de frein Low-Metallic — Réf. 0 986 494 978
10890339746135 BOSCH-0986424867 BOSCH: BOSCH Plaquettes de frein Low-Metallic — Réf. 0 986 424 867
10890339844439 BOSCH-0986494063 BOSCH: BOSCH Plaquettes de frein Low-Metallic — Réf. 0 986 494 063
10890339975511 BOSCH-0986494647 BOSCH: BOSCH Plaquettes de frein Low-Metallic — Réf. 0 986 494 647
10890340073815 BREMBO-P85070 BREMBO: BREMBO Prime Plaquettes de frein — Réf. P 85 070
10890340172119 BREMBO-P61079 BREMBO: BREMBO Prime Plaquettes de frein — Réf. P 61 079
10890340303191 VALEO-301067 VALEO: VALEO FIRST Plaquettes de frein — Réf. 301067 — essieu avant
10890357277015 RIDEX-402B0785 RIDEX: RIDEX Plaquettes de frein — Réf. 402B0785 — essieu avant
10890358227287 BOSCH-0986494690 BOSCH: BOSCH Plaquettes de frein — Réf. 0 986 494 690
10890359341399 VALEO-302114 VALEO: VALEO Plaquettes de frein — Réf. 302114 — essieu arrière
10890360062295 FEBIBILSTEIN-116245 FEBI BILSTEIN: FEBI BILSTEIN Plaquettes de frein — Réf. 116245 — essieu avant
10890361176407 BOSCH-0986494160 BOSCH: BOSCH Plaquettes de frein — Réf. 0 986 494 160
10890361962839 FEBIBILSTEIN-16587 FEBI BILSTEIN: FEBI BILSTEIN Plaquettes de frein — Réf. 16587 — essieu arrière
10890362126679 BOSCH-0986494706 BOSCH: BOSCH Plaquettes de frein — Réf. 0 986 494 706
10890363011415 FEBIBILSTEIN-16189 FEBI BILSTEIN: FEBI BILSTEIN Plaquettes de frein — Réf. 16189 — essieu arrière
10890363797847 BOSCH-0986494391 BOSCH: BOSCH Plaquettes de frein — Réf. 0 986 494 391
10890364387671 VALEO-302132 VALEO: VALEO Plaquettes de frein — Réf. 302132 — essieu avant
10890364682583 BOSCH-0986494192 BOSCH: BOSCH Plaquettes de frein — Réf. 0 986 494 192
10890365665623 RIDEX-402B1475 RIDEX: RIDEX Plaquettes de frein — Réf. 402B1475 — essieu arrière
10890366386519 BREMBO-P61121 BREMBO: BREMBO Plaquettes de frein — Réf. P 61 121
10890366517591 FEBIBILSTEIN-116267 FEBI BILSTEIN: FEBI BILSTEIN Plaquettes de frein — Réf. 116267 — essieu avant
10890408886615 delphi-lp3275 DELPHI: DELPHI Plaquettes de frein — Réf. LP3275
10890409148759 ridex-plus-402b0342p RIDEX PLUS: RIDEX PLUS Plaquettes de frein — Réf. 402B0342P — essieu arriere
10890409541975 brembo-p-83-047 BREMBO: BREMBO Plaquettes de frein — Réf. P 83 047
10890409738583 bosch-0-986-494-605 BOSCH: BOSCH Plaquettes de frein — Réf. 0 986 494 605
10890409836887 bosch-0-986-424-616 BOSCH: BOSCH Plaquettes de frein — Réf. 0 986 424 616
10890410754391 jurid-573862j JURID: JURID Plaquettes de frein — Réf. 573862J
10890411147607 bosch-0-986-460-026 BOSCH: BOSCH Plaquettes de frein — Réf. 0 986 460 026
10890411245911 febi-bilstein-16512 FEBI BILSTEIN: FEBI BILSTEIN Plaquettes de frein — Réf. 16512 — essieu arriere
10890411966807 bosch-0-986-494-097 BOSCH: BOSCH Plaquettes de frein — Réf. 0 986 494 097
10890412196183 bosch-0-986-494-207 BOSCH: BOSCH Plaquettes de frein — Réf. 0 986 494 207
10890412556631 brembo-p-06-065 BREMBO: BREMBO Plaquettes de frein — Réf. P 06 065
10890412884311 bosch-0-986-494-733 BOSCH: BOSCH Plaquettes de frein — Réf. 0 986 494 733
10890412982615 brembo-p-06-074 BREMBO: BREMBO Plaquettes de frein — Réf. P 06 074
10890414031191 valeo-302484 VALEO: VALEO Plaquettes de frein — Réf. 302484 — essieu avant
10890414522711 bosch-0-986-494-081 BOSCH: BOSCH Plaquettes de frein — Réf. 0 986 494 081
10890433134935 brembo-p-68-015 BREMBO: BREMBO Plaquettes de frein — Réf. P 68 015
10890433233239 ridex-402b0420 RIDEX: RIDEX Plaquettes de frein — Réf. 402B0420 — essieu arrière
10890433462615 ridex-402b0677 RIDEX: RIDEX Plaquettes de frein — Réf. 402B0677 — essieu arrière
10890433593687 bosch-0-986-494-663 BOSCH: BOSCH Plaquettes de frein — Réf. 0 986 494 663
10890433691991 valeo-301893 VALEO: VALEO Plaquettes de frein — Réf. 301893 — essieu avant
10890433888599 trw-gdb1478 TRW: TRW Plaquettes de frein — Réf. GDB1478
10890434085207 ridex-plus-402b0065p RIDEX PLUS: RIDEX PLUS Plaquettes de frein — Réf. 402B0065P — essieu arrière
10890434773335 ridex-plus-402b1049p RIDEX PLUS: RIDEX PLUS Plaquettes de frein — Réf. 402B1049P — essieu arrière
10890435526999 gocore-gcd020022 goCORE: goCORE Plaquettes de frein — Réf. GCD020022 — essieu avant
10890435887447 ferodo-fdb4614 FERODO: FERODO Plaquettes de frein — Réf. FDB4614
10890436018519 ridex-plus-402b0531p RIDEX PLUS: RIDEX PLUS Plaquettes de frein — Réf. 402B0531P — essieu arrière
10890436313431 bosch-0-986-494-688 BOSCH: BOSCH Plaquettes de frein — Réf. 0 986 494 688
10890436411735 brembo-p-06-103 BREMBO: BREMBO Plaquettes de frein — Réf. P 06 103
10890436837719 bosch-0-986-494-777 BOSCH: BOSCH Plaquettes de frein — Réf. 0 986 494 777
10890437394775 gocore-gcd020171 goCORE: goCORE Plaquettes de frein — Réf. GCD020171
10890437493079 valeo-302052 VALEO: VALEO Plaquettes de frein — Réf. 302052 — essieu avant
10890438082903 valeo-301777 VALEO: VALEO Plaquettes de frein — Réf. 301777 — essieu arrière
10890438312279 brembo-p-49-044 BREMBO: BREMBO Plaquettes de frein — Réf. P 49 044
10890442244439 DELPHI-LP2191 DELPHI: DELPHI Plaquettes de frein — Réf. LP2191
10890443686231 BOSCH-0986494379 BOSCH: BOSCH Plaquettes de frein Low-Metallic — Réf. 0 986 494 379
10890443784535 TRW-GDB2136 TRW: TRW Plaquettes de frein — Réf. GDB2136 — essieu arrière
10890444112215 FERODO-FDB4662 FERODO: FERODO Plaquettes de frein PREMIER Coat+ — Réf. FDB4662
10890444276055 BOSCH-0986494988 BOSCH: BOSCH Plaquettes de frein Low-Metallic — Réf. 0 986 494 988
10890446864727 RIDEXPLUS-402B0508P RIDEX PLUS: RIDEX PLUS Plaquettes de frein — Réf. 402B0508P — essieu avant
10890447454551 GOCORE-GCD020313 goCORE: goCORE Plaquettes de frein — Réf. GCD020313
10890448929111 BOSCH-0986424839 BOSCH: BOSCH Plaquettes de frein Low-Metallic — Réf. 0 986 424 839
10890449027415 BOSCH-0986424582 BOSCH: BOSCH Plaquettes de frein Low-Metallic — Réf. 0 986 424 582
10890449617239 RIDEXPLUS-402B0791P RIDEX PLUS: RIDEX PLUS Plaquettes de frein — Réf. 402B0791P — essieu avant
10890449715543 RIDEX-402B1376 RIDEX: RIDEX Plaquettes de frein — Réf. 402B1376 — essieu arrière
10890453516631 BOSCH-0986494171 BOSCH: BOSCH Plaquettes de frein Low-Metallic — Réf. 0 986 494 171
10890454237527 JURID-573315J JURID: JURID Plaquettes de frein — Réf. 573315J — essieu arrière
10890454499671 RIDEXPLUS-402B0073P RIDEX PLUS: RIDEX PLUS Plaquettes de frein — Réf. 402B0073P — essieu avant
10890454630743 GOCORE-GCD020683 goCORE: goCORE Plaquettes de frein — Réf. GCD020683 — essieu avant
10890456170839 MAPCO-6949-1 MAPCO: MAPCO Plaquettes de frein — Réf. 6949/1 — essieu avant
10890456269143 FEBI-16891 FEBI BILSTEIN: FEBI BILSTEIN Plaquettes de frein — Réf. 16891 — essieu arrière
10890456400215 FEBI-16728 FEBI BILSTEIN: FEBI BILSTEIN Plaquettes de frein — Réf. 16728 — essieu avant
10890456564055 TRW-GDB1555 TRW: TRW COTEC Plaquettes de frein — Réf. GDB1555
10890456891735 JURID-573357J JURID: JURID Plaquettes de frein — Réf. 573357J
10890608116055 RIDEXPLUS-402B0004P RIDEX PLUS: RIDEX PLUS Plaquettes de frein — Réf. 402B0004P — essieu arrière
10890608148823 RIDEXPLUS-402B0151P RIDEX PLUS: RIDEX PLUS Plaquettes de frein — Réf. 402B0151P — essieu avant
10890608181591 BOSCH-0986424652 BOSCH: BOSCH Plaquettes de frein — Réf. 0 986 424 652
10890608279895 GOCORE-GCD020011 goCORE: goCORE Plaquettes de frein — Réf. GCD020011 — essieu arrière
10890608312663 BOSCH-0986424580 BOSCH: BOSCH Plaquettes de frein — Réf. 0 986 424 580
10890608345431 BOSCH-0986424865 BOSCH: BOSCH Plaquettes de frein — Réf. 0 986 424 865
10890608443735 BOSCH-0986494672 BOSCH: BOSCH Plaquettes de frein — Réf. 0 986 494 672
10890608542039 FEBIBILSTEIN-16793 FEBI BILSTEIN: FEBI BILSTEIN Plaquettes de frein — Réf. 16793 — essieu arrière
10890608640343 JURID-573241J JURID: JURID Plaquettes de frein — Réf. 573241J
10890608738647 BOSCH-0986494288 BOSCH: BOSCH Plaquettes de frein — Réf. 0 986 494 288
10890608869719 FEBIBILSTEIN-16889 FEBI BILSTEIN: FEBI BILSTEIN Plaquettes de frein — Réf. 16889 — essieu avant
10890608968023 BOSCH-0986494785 BOSCH: BOSCH Plaquettes de frein — Réf. 0 986 494 785
10890609066327 BOSCH-0986494404 BOSCH: BOSCH Plaquettes de frein — Réf. 0 986 494 404
10890609131863 BOSCH-0986494680 BOSCH: BOSCH Plaquettes de frein — Réf. 0 986 494 680
10890609230167 RIDEXPLUS-402B1047P RIDEX PLUS: RIDEX PLUS Plaquettes de frein — Réf. 402B1047P — essieu arrière
10890609262935 FEBIBILSTEIN-16897 FEBI BILSTEIN: FEBI BILSTEIN Plaquettes de frein — Réf. 16897 — essieu arrière
10890609328471 FEBIBILSTEIN-116265 FEBI BILSTEIN: FEBI BILSTEIN Plaquettes de frein — Réf. 116265 — essieu avant
10890609394007 BOSCH-0986494161 BOSCH: BOSCH Plaquettes de frein — Réf. 0 986 494 161
10890609492311 BOSCH-0986494818 BOSCH: BOSCH Plaquettes de frein — Réf. 0 986 494 818
10890609754455 FEBIBILSTEIN-16884 FEBI BILSTEIN: FEBI BILSTEIN Plaquettes de frein — Réf. 16884 — essieu avant
10890609819991 FEBIBILSTEIN-175210 FEBI BILSTEIN: FEBI BILSTEIN Plaquettes de frein — Réf. 175210 — essieu arrière
10890609852759 RIDEXPLUS-402B0042P RIDEX PLUS: RIDEX PLUS Plaquettes de frein — Réf. 402B0042P — essieu avant
10890609885527 RIDEX-402B0595 RIDEX: RIDEX Plaquettes de frein — Réf. 402B0595 — essieu avant
10890610049367 JURID-573059J JURID: JURID Plaquettes de frein — Réf. 573059J
10890610147671 STARK-SKBP0011113 STARK: STARK Plaquettes de frein — Réf. SKBP-0011113 — essieu avant
10890610180439 BOSCH-0986494096 BOSCH: BOSCH Plaquettes de frein — Réf. 0 986 494 096
10890610245975 TRW-GDB1726 TRW: TRW Plaquettes de frein — Réf. GDB1726
10890610278743 RIDEXPLUS-402B1282P RIDEX PLUS: RIDEX PLUS Plaquettes de frein — Réf. 402B1282P — essieu avant
10890610377047 BOSCH-0986466601 BOSCH: BOSCH Plaquettes de frein — Réf. 0 986 466 601
10890610442583 BREMBO-P83051 BREMBO: BREMBO Plaquettes de frein — Réf. P 83 051
10890610475351 FERODO-FDB4426 FERODO: FERODO Plaquettes de frein — Réf. FDB4426
10890610606423 BOSCH-0986494802 BOSCH: BOSCH Plaquettes de frein — Réf. 0 986 494 802
10890610737495 BOSCH-0986494747 BOSCH: BOSCH Plaquettes de frein — Réf. 0 986 494 747
10890610868567 BREMBO-P83074 BREMBO: BREMBO Plaquettes de frein — Réf. P 83 074
10890610901335 GOCORE-GCD020078 goCORE: goCORE Plaquettes de frein — Réf. GCD020078 — essieu avant
10890610966871 JURID-571526J JURID: JURID Plaquettes de frein — Réf. 571526J
10890612113751 BOSCH-16830 BOSCH: BOSCH Plaquettes de frein — Réf. 16830
10890612179287 BOSCH-0986494303 BOSCH: BOSCH Plaquettes de frein — Réf. 0 986 494 303
10890612212055 ATE-13046028402 ATE: ATE Plaquettes de frein — Réf. 13.0460-2840.2
10890612244823 BOSCH-0986460149 BOSCH: BOSCH Plaquettes de frein — Réf. 0 986 460 149
10890612310359 FEBI-16830 FEBI BILSTEIN: FEBI BILSTEIN Plaquettes de frein — Réf. 16830 — essieu avant
10890612441431 DELPHI-LP3153 DELPHI: DELPHI Plaquettes de frein — Réf. LP3153
10890612506967 BOSCH-0986494157 BOSCH: BOSCH Plaquettes de frein — Réf. 0 986 494 157
10890612572503 RIDEXPLUS-402B0281P RIDEX PLUS: RIDEX PLUS Plaquettes de frein — Réf. 402B0281P — essieu arrière
10890612736343 RIDEXPLUS-402B0034P RIDEX PLUS: RIDEX PLUS Plaquettes de frein — Réf. 402B0034P — essieu avant
10890612769111 VALEO-302207 VALEO: VALEO Plaquettes de frein — Réf. 302207 — essieu avant
10890612801879 FERODO-FDB4353 FERODO: FERODO Plaquettes de frein — Réf. FDB4353
10890612834647 VALEO-302429 VALEO: VALEO Plaquettes de frein — Réf. 302429 — essieu avant
10890612932951 BREMBO-P06012 BREMBO: BREMBO Plaquettes de frein — Réf. P 06 012
10890613064023 FEBI-171398 FEBI BILSTEIN: FEBI BILSTEIN Plaquettes de frein — Réf. 171398 — essieu avant
10890613096791 BOSCH-0986494251 BOSCH: BOSCH Plaquettes de frein — Réf. 0 986 494 251
10890613129559 BOSCH-0986494622 BOSCH: BOSCH Plaquettes de frein — Réf. 0 986 494 622
10890613358935 BREMBO-P86032 BREMBO: BREMBO Plaquettes de frein — Réf. P 86 032
10890613948759 VALEO-301518 VALEO: VALEO Plaquettes de frein — Réf. 301518 — essieu avant
10890613981527 GOCORE-GCD020532 goCORE: goCORE Plaquettes de frein — Réf. GCD020532 — essieu avant
10890614014295 VALEO-301298 VALEO: VALEO Plaquettes de frein — Réf. 301298 — essieu avant
10890614079831 STARK-SKBP-0010176 STARK: STARK Plaquettes de frein — Réf. SKBP-0010176 — essieu avant
10890615456087 VALEO-301706 VALEO: VALEO Plaquettes de frein — Réf. 301706 — essieu arrière
10890615718231 VALEO-301518 VALEO: VALEO Plaquettes de frein — Réf. 301518 — essieu avant
10890615783767 GOCORE-GCD020532 goCORE: goCORE Plaquettes de frein — Réf. GCD020532 — essieu avant
10890616013143 VALEO-301298 VALEO: VALEO Plaquettes de frein — Réf. 301298 — essieu avant
10890616176983 STARK-SKBP-0010176 STARK: STARK Plaquettes de frein — Réf. SKBP-0010176 — essieu avant
10890616504663 RIDEX-PLUS-402B1320P RIDEX PLUS: RIDEX PLUS Plaquettes de frein — Réf. 402B1320P — essieu avant
10890616766807 FEBI-BILSTEIN-16940 FEBI BILSTEIN: FEBI BILSTEIN Plaquettes de frein — Réf. 16940 — essieu avant
10890616832343 BOSCH-0986494241 BOSCH: BOSCH Plaquettes de frein — Réf. 0 986 494 241
10890616996183 BOSCH-0986494823 BOSCH: BOSCH Plaquettes de frein — Réf. 0 986 494 823
10890617258327 GOCORE-GCD020669 goCORE: goCORE Plaquettes de frein — Réf. GCD020669
10890617356631 BOSCH-0986424410 BOSCH: BOSCH Plaquettes de frein — Réf. 0 986 424 410
10890617454935 BOSCH-0986460964 BOSCH: BOSCH Plaquettes de frein — Réf. 0 986 460 964
10890617618775 BOSCH-0986424845 BOSCH: BOSCH Plaquettes de frein — Réf. 0 986 424 845
10890617782615 JURID-573863J JURID: JURID Plaquettes de frein — Réf. 573863J
10890617880919 RIDEX-PLUS-402B0080P RIDEX PLUS: RIDEX PLUS Plaquettes de frein — Réf. 402B0080P — essieu avant
10890618011991 VALEO-302642 VALEO: VALEO Plaquettes de frein — Réf. 302642 — essieu arrière
10890618077527 VALEO-301041 VALEO: VALEO Plaquettes de frein — Réf. 301041 — essieu arrière
10890618175831 GOCORE-GCD020365 goCORE: goCORE Plaquettes de frein — Réf. GCD020365 — essieu avant
10890618405207 VALEO-301452 VALEO: VALEO Plaquettes de frein — Réf. 301452 — essieu avant
10890618634583 BOSCH-0986424033 BOSCH: BOSCH Plaquettes de frein — Réf. 0 986 424 033
10890618962263 BOSCH-0986494900 BOSCH: BOSCH Plaquettes de frein — Réf. 0 986 494 900
10890619060567 ATE-13046048562 ATE: ATE Plaquettes de frein — Réf. 13.0460-4856.2
10890619584855 RIDEX-PLUS-402B0244P RIDEX PLUS: RIDEX PLUS Plaquettes de frein — Réf. 402B0244P — essieu avant
10890619683159 RIDEX-PLUS-402B0471P RIDEX PLUS: RIDEX PLUS Plaquettes de frein — Réf. 402B0471P — essieu avant
10890619814231 VALEO-301770 VALEO: VALEO Plaquettes de frein — Réf. 301770 — essieu arrière
10890620010839 BREMBO-P50046 BREMBO: BREMBO Plaquettes de frein — Réf. P 50 046
10890620076375 FERODO-FVR4398 FERODO: FERODO Plaquettes de frein — Réf. FVR4398
10890620174679 BREMBO-P83159 BREMBO: BREMBO Plaquettes de frein — Réf. P 83 159 — essieu avant
10890620240215 BOSCH-0986424595 BOSCH: BOSCH Plaquettes de frein — Réf. 0 986 424 595
10890620338519 DELPHI-LP1911 DELPHI: DELPHI Plaquettes de frein — Réf. LP1911
10890620469591 FERODO-FDB4933 FERODO: FERODO Plaquettes de frein — Réf. FDB4933
10890620567895 BOSCH-0986424042 BOSCH: BOSCH Plaquettes de frein — Réf. 0 986 424 042
10890620633431 FERODO-FDB4424 FERODO: FERODO Plaquettes de frein — Réf. FDB4424 — essieu arrière
10890620731735 RIDEX-PLUS-402B0069P RIDEX PLUS: RIDEX PLUS Plaquettes de frein — Réf. 402B0069P — essieu avant
10890620797271 VALEO-301812 VALEO: VALEO Plaquettes de frein — Réf. 301812 — essieu arrière
10890642227543 valeo-301665 VALEO: VALEO Plaquettes de frein — Réf. 301665 — essieu avant
10890648191319 valeo-301665 VALEO: VALEO Plaquettes de frein — Réf. 301665 — essieu avant
10890648682839 febi-bilstein-16907 FEBI BILSTEIN: FEBI BILSTEIN Plaquettes de frein — Réf. 16907 — essieu avant
10890649731415 ridex-plus-402b0005p RIDEX PLUS: RIDEX PLUS Plaquettes de frein — Réf. 402B0005P — essieu avant
10890649928023 gocore-gcd020033 goCORE: goCORE Plaquettes de frein — Réf. GCD020033 — essieu avant
10890650321239 bosch-0-986-495-248 BOSCH: BOSCH Plaquettes de frein — Réf. 0 986 495 248
10890651500887 bosch-0-986-494-702 BOSCH: BOSCH Plaquettes de frein — Réf. 0 986 494 702
10890651730263 bosch-0-986-494-385 BOSCH: BOSCH Plaquettes de frein — Réf. 0 986 494 385
10890652582231 brembo-p-85-181 BREMBO: BREMBO Plaquettes de frein — Réf. P 85 181
10890652746071 febi-bilstein-170652 FEBI BILSTEIN: FEBI BILSTEIN Plaquettes de frein — Réf. 170652 — essieu avant
10890653434199 brembo-p-83-053 BREMBO: BREMBO Plaquettes de frein — Réf. P 83 053
10890653925719 gocore-gcd020471 goCORE: goCORE Plaquettes de frein — Réf. GCD020471
10890654384471 bosch-0-986-468-630 BOSCH: BOSCH Plaquettes de frein — Réf. 0 986 468 630
10890654777687 bosch-0-986-494-642 BOSCH: BOSCH Plaquettes de frein — Réf. 0 986 494 642
10890655334743 bosch-0-986-494-370 BOSCH: BOSCH Plaquettes de frein — Réf. 0 986 494 370
10890656317783 gocore-gcd020592 goCORE: goCORE Plaquettes de frein — Réf. GCD020592
10890656416087 febi-bilstein-16873 FEBI BILSTEIN: FEBI BILSTEIN Plaquettes de frein — Réf. 16873 — essieu arrière
10890657104215 ridex-plus-402b0219p RIDEX PLUS: RIDEX PLUS Plaquettes de frein — Réf. 402B0219P — essieu avant
10890657333591 bosch-0-986-494-684 BOSCH: BOSCH Plaquettes de frein — Réf. 0 986 494 684
